2026-04-25 11:50:01 [INFO] Usuario subió archivo: audio_test_infantil.wav
2026-04-25 11:50:01 [INFO] Validando archivo de audio: temp_audio.wav
2026-04-25 11:50:01 [INFO] Cargando modelo Whisper: small
2026-04-25 11:52:25 [INFO] Iniciando transcripción...
2026-04-25 11:52:40 [INFO] Transcripción completada correctamente.
2026-04-25 11:52:40 [ERROR] Error procesando audio: 'words'
2026-04-25 12:08:37 [INFO] Usuario subió archivo: audio_test_infantil.wav
2026-04-25 12:08:37 [INFO] Validando archivo de audio: temp_audio.wav
2026-04-25 12:08:37 [INFO] Cargando modelo Whisper: small
2026-04-25 12:08:44 [INFO] Iniciando transcripción...
2026-04-25 12:09:04 [INFO] Transcripción completada correctamente.
2026-04-25 12:09:04 [INFO] AFI generado: esta → /esta/
2026-04-25 12:09:04 [INFO] AFI generado: mañana, → /mañana,/
2026-04-25 12:09:04 [INFO] AFI generado: la → /la/
2026-04-25 12:09:04 [INFO] AFI generado: pequeña → /pekeña/
2026-04-25 12:09:04 [INFO] AFI generado: martina → /maɾtina/
2026-04-25 12:09:04 [INFO] AFI generado: salió → /salió/
2026-04-25 12:09:04 [INFO] AFI generado: muy → /muʝ/
2026-04-25 12:09:04 [INFO] AFI generado: temprano → /tempɾano/
2026-04-25 12:09:04 [INFO] AFI generado: a → /a/
2026-04-25 12:09:04 [INFO] AFI generado: buscar → /buscaɾ/
2026-04-25 12:09:04 [INFO] AFI generado: una → /una/
2026-04-25 12:09:04 [INFO] AFI generado: piedra → /piedɾa/
2026-04-25 12:09:04 [INFO] AFI generado: brillante → /bɾiʎante/
2026-04-25 12:09:04 [INFO] AFI generado: que → /ke/
2026-04-25 12:09:04 [INFO] AFI generado: había → /abía/
2026-04-25 12:09:04 [INFO] AFI generado: visto → /bisto/
2026-04-25 12:09:04 [INFO] AFI generado: cerca → /θeɾca/
2026-04-25 12:09:04 [INFO] AFI generado: del → /del/
2026-04-25 12:09:04 [INFO] AFI generado: río. → /ɾío./
2026-04-25 12:09:04 [INFO] AFI generado: mientras → /mientɾas/
2026-04-25 12:09:04 [INFO] AFI generado: caminaba → /caminaba/
2026-04-25 12:09:04 [INFO] AFI generado: por → /poɾ/
2026-04-25 12:09:04 [INFO] AFI generado: el → /el/
2026-04-25 12:09:04 [INFO] AFI generado: bosque → /boske/
2026-04-25 12:09:04 [INFO] AFI generado: oscuro, → /oscuɾo,/
2026-04-25 12:09:04 [INFO] AFI generado: encontró → /encontɾó/
2026-04-25 12:09:04 [INFO] AFI generado: un → /un/
2026-04-25 12:09:04 [INFO] AFI generado: dragón → /dɾagón/
2026-04-25 12:09:04 [INFO] AFI generado: dormido → /doɾmido/
2026-04-25 12:09:04 [INFO] AFI generado: entre → /entɾe/
2026-04-25 12:09:04 [INFO] AFI generado: unas → /unas/
2026-04-25 12:09:04 [INFO] AFI generado: flores → /floɾes/
2026-04-25 12:09:04 [INFO] AFI generado: amarillas. → /amaɾiʎas./
2026-04-25 12:09:04 [INFO] AFI generado: martina → /maɾtina/
2026-04-25 12:09:04 [INFO] AFI generado: respió → /ɾespió/
2026-04-25 12:09:04 [INFO] AFI generado: hondo, → /ondo,/
2026-04-25 12:09:04 [INFO] AFI generado: hondo → /ondo/
2026-04-25 12:09:04 [INFO] AFI generado: se → /se/
2026-04-25 12:09:04 [INFO] AFI generado: despacio → /despaθio/
2026-04-25 12:09:04 [INFO] AFI generado: y → /ʝ/
2026-04-25 12:09:04 [INFO] AFI generado: gritó → /gɾitó/
2026-04-25 12:09:04 [INFO] AFI generado: con → /con/
2026-04-25 12:09:04 [INFO] AFI generado: fuerza. → /fueɾθa./
2026-04-25 12:09:04 [INFO] AFI generado: despierta → /despieɾta/
2026-04-25 12:09:04 [INFO] AFI generado: dragón → /dɾagón/
2026-04-25 12:09:04 [INFO] AFI generado: travieso. → /tɾabieso./
2026-04-25 12:09:04 [INFO] AFI generado: el → /el/
2026-04-25 12:09:04 [INFO] AFI generado: dragón → /dɾagón/
2026-04-25 12:09:04 [INFO] AFI generado: abrió → /abɾió/
2026-04-25 12:09:04 [INFO] AFI generado: los → /los/
2026-04-25 12:09:04 [INFO] AFI generado: ojos, → /oksos,/
2026-04-25 12:09:04 [INFO] AFI generado: movió → /mobió/
2026-04-25 12:09:04 [INFO] AFI generado: su → /su/
2026-04-25 12:09:04 [INFO] AFI generado: larga → /laɾga/
2026-04-25 12:09:04 [INFO] AFI generado: cola → /cola/
2026-04-25 12:09:04 [INFO] AFI generado: verde → /beɾde/
2026-04-25 12:09:04 [INFO] AFI generado: y → /ʝ/
2026-04-25 12:09:04 [INFO] AFI generado: le → /le/
2026-04-25 12:09:04 [INFO] AFI generado: regaló → /ɾegaló/
2026-04-25 12:09:04 [INFO] AFI generado: una → /una/
2026-04-25 12:09:04 [INFO] AFI generado: mariposa → /maɾiposa/
2026-04-25 12:09:04 [INFO] AFI generado: azul → /aθul/
2026-04-25 12:09:04 [INFO] AFI generado: que → /ke/
2026-04-25 12:09:04 [INFO] AFI generado: brillaba → /bɾiʎaba/
2026-04-25 12:09:04 [INFO] AFI generado: como → /como/
2026-04-25 12:09:04 [INFO] AFI generado: el → /el/
2026-04-25 12:09:04 [INFO] AFI generado: sol. → /sol./
2026-04-25 12:10:24 [INFO] Corrección aprendida:  esta → esta
2026-04-25 12:10:24 [INFO] AFI generado: esta → /esta/
2026-04-25 12:10:24 [INFO] Corrección aprendida:  mañana, → mañana,
2026-04-25 12:10:24 [INFO] AFI generado: mañana, → /mañana,/
2026-04-25 12:10:24 [INFO] Corrección aprendida:  la → la
2026-04-25 12:10:24 [INFO] AFI generado: la → /la/
2026-04-25 12:10:24 [INFO] Corrección aprendida:  pequeña → pequeña
2026-04-25 12:10:24 [INFO] AFI generado: pequeña → /pekeña/
2026-04-25 12:10:24 [INFO] Corrección aprendida:  martina → martina
2026-04-25 12:10:24 [INFO] AFI generado: martina → /maɾtina/
2026-04-25 12:10:24 [INFO] Corrección aprendida:  salió → salió
2026-04-25 12:10:24 [INFO] AFI generado: salió → /salió/
2026-04-25 12:10:24 [INFO] Corrección aprendida:  muy → muy
2026-04-25 12:10:24 [INFO] AFI generado: muy → /muʝ/
2026-04-25 12:10:24 [INFO] Corrección aprendida:  temprano → temprano
2026-04-25 12:10:24 [INFO] AFI generado: temprano → /tempɾano/
2026-04-25 12:10:24 [INFO] Corrección aprendida:  a → a
2026-04-25 12:10:24 [INFO] AFI generado: a → /a/
2026-04-25 12:10:24 [INFO] Corrección aprendida:  buscar → buscar
2026-04-25 12:10:24 [INFO] AFI generado: buscar → /buscaɾ/
2026-04-25 12:10:24 [INFO] Corrección aprendida:  una → una
2026-04-25 12:10:24 [INFO] AFI generado: una → /una/
2026-04-25 12:10:24 [INFO] Corrección aprendida:  piedra → piedra
2026-04-25 12:10:24 [INFO] AFI generado: piedra → /piedɾa/
2026-04-25 12:10:24 [INFO] Corrección aprendida:  brillante → brillante
2026-04-25 12:10:24 [INFO] AFI generado: brillante → /bɾiʎante/
2026-04-25 12:10:24 [INFO] Corrección aprendida:  que → que
2026-04-25 12:10:24 [INFO] AFI generado: que → /ke/
2026-04-25 12:10:24 [INFO] Corrección aprendida:  había → había
2026-04-25 12:10:24 [INFO] AFI generado: había → /abía/
2026-04-25 12:10:24 [INFO] Corrección aprendida:  visto → visto
2026-04-25 12:10:24 [INFO] AFI generado: visto → /bisto/
2026-04-25 12:10:24 [INFO] Corrección aprendida:  cerca → cerca
2026-04-25 12:10:24 [INFO] AFI generado: cerca → /θeɾca/
2026-04-25 12:10:24 [INFO] Corrección aprendida:  del → del
2026-04-25 12:10:24 [INFO] AFI generado: del → /del/
2026-04-25 12:10:24 [INFO] Corrección aprendida:  río. → río.
2026-04-25 12:10:24 [INFO] AFI generado: río. → /ɾío./
2026-04-25 12:10:24 [INFO] Corrección aprendida:  mientras → mientras
2026-04-25 12:10:24 [INFO] AFI generado: mientras → /mientɾas/
2026-04-25 12:10:24 [INFO] Corrección aprendida:  caminaba → caminaba
2026-04-25 12:10:24 [INFO] AFI generado: caminaba → /caminaba/
2026-04-25 12:10:24 [INFO] Corrección aprendida:  por → por
2026-04-25 12:10:24 [INFO] AFI generado: por → /poɾ/
2026-04-25 12:10:24 [INFO] Corrección aprendida:  el → el
2026-04-25 12:10:24 [INFO] AFI generado: el → /el/
2026-04-25 12:10:24 [INFO] Corrección aprendida:  bosque → bosque
2026-04-25 12:10:24 [INFO] AFI generado: bosque → /boske/
2026-04-25 12:10:24 [INFO] Corrección aprendida:  oscuro, → oscuro,
2026-04-25 12:10:24 [INFO] AFI generado: oscuro, → /oscuɾo,/
2026-04-25 12:10:24 [INFO] Corrección aprendida:  encontró → encontró
2026-04-25 12:10:24 [INFO] AFI generado: encontró → /encontɾó/
2026-04-25 12:10:24 [INFO] Corrección aprendida:  un → un
2026-04-25 12:10:24 [INFO] AFI generado: un → /un/
2026-04-25 12:10:24 [INFO] Corrección aprendida:  dragón → dragón
2026-04-25 12:10:24 [INFO] AFI generado: dragón → /dɾagón/
2026-04-25 12:10:24 [INFO] Corrección aprendida:  dormido → dormido
2026-04-25 12:10:24 [INFO] AFI generado: dormido → /doɾmido/
2026-04-25 12:10:24 [INFO] Corrección aprendida:  entre → entre
2026-04-25 12:10:24 [INFO] AFI generado: entre → /entɾe/
2026-04-25 12:10:24 [INFO] Corrección aprendida:  unas → unas
2026-04-25 12:10:24 [INFO] AFI generado: unas → /unas/
2026-04-25 12:10:24 [INFO] Corrección aprendida:  flores → flores
2026-04-25 12:10:24 [INFO] AFI generado: flores → /floɾes/
2026-04-25 12:10:24 [INFO] Corrección aprendida:  amarillas. → amarillas.
2026-04-25 12:10:24 [INFO] AFI generado: amarillas. → /amaɾiʎas./
2026-04-25 12:10:24 [INFO] Corrección aprendida:  martina → martina
2026-04-25 12:10:24 [INFO] AFI generado: martina → /maɾtina/
2026-04-25 12:10:24 [INFO] Corrección aprendida:  respió → respió
2026-04-25 12:10:24 [INFO] AFI generado: respió → /ɾespió/
2026-04-25 12:10:24 [INFO] Corrección aprendida:  hondo, → hondo,
2026-04-25 12:10:24 [INFO] AFI generado: hondo, → /ondo,/
2026-04-25 12:10:24 [INFO] Corrección aprendida:  hondo → se
2026-04-25 12:10:24 [INFO] AFI generado: se → /se/
2026-04-25 12:10:24 [INFO] Corrección aprendida:  se → acercó
2026-04-25 12:10:24 [INFO] AFI generado: acercó → /aθeɾcó/
2026-04-25 12:10:24 [INFO] Corrección aprendida:  despacio → despacio
2026-04-25 12:10:24 [INFO] AFI generado: despacio → /despaθio/
2026-04-25 12:10:24 [INFO] Corrección aprendida:  y → y
2026-04-25 12:10:24 [INFO] AFI generado: y → /ʝ/
2026-04-25 12:10:24 [INFO] Corrección aprendida:  gritó → gritó
2026-04-25 12:10:24 [INFO] AFI generado: gritó → /gɾitó/
2026-04-25 12:10:24 [INFO] Corrección aprendida:  con → con
2026-04-25 12:10:24 [INFO] AFI generado: con → /con/
2026-04-25 12:10:24 [INFO] Corrección aprendida:  fuerza. → fuerza.
2026-04-25 12:10:24 [INFO] AFI generado: fuerza. → /fueɾθa./
2026-04-25 12:10:24 [INFO] Corrección aprendida:  despierta → despierta
2026-04-25 12:10:24 [INFO] AFI generado: despierta → /despieɾta/
2026-04-25 12:10:24 [INFO] Corrección aprendida:  dragón → dragón
2026-04-25 12:10:24 [INFO] AFI generado: dragón → /dɾagón/
2026-04-25 12:10:24 [INFO] Corrección aprendida:  travieso. → travieso.
2026-04-25 12:10:24 [INFO] AFI generado: travieso. → /tɾabieso./
2026-04-25 12:10:24 [INFO] Corrección aprendida:  el → el
2026-04-25 12:10:24 [INFO] AFI generado: el → /el/
2026-04-25 12:10:24 [INFO] Corrección aprendida:  dragón → dragón
2026-04-25 12:10:24 [INFO] AFI generado: dragón → /dɾagón/
2026-04-25 12:10:24 [INFO] Corrección aprendida:  abrió → abrió
2026-04-25 12:10:24 [INFO] AFI generado: abrió → /abɾió/
2026-04-25 12:10:24 [INFO] Corrección aprendida:  los → los
2026-04-25 12:10:24 [INFO] AFI generado: los → /los/
2026-04-25 12:10:24 [INFO] Corrección aprendida:  ojos, → ojos,
2026-04-25 12:10:24 [INFO] AFI generado: ojos, → /oksos,/
2026-04-25 12:10:24 [INFO] Corrección aprendida:  movió → movió
2026-04-25 12:10:24 [INFO] AFI generado: movió → /mobió/
2026-04-25 12:10:24 [INFO] Corrección aprendida:  su → su
2026-04-25 12:10:24 [INFO] AFI generado: su → /su/
2026-04-25 12:10:24 [INFO] Corrección aprendida:  larga → larga
2026-04-25 12:10:24 [INFO] AFI generado: larga → /laɾga/
2026-04-25 12:10:24 [INFO] Corrección aprendida:  cola → cola
2026-04-25 12:10:24 [INFO] AFI generado: cola → /cola/
2026-04-25 12:10:24 [INFO] Corrección aprendida:  verde → verde
2026-04-25 12:10:24 [INFO] AFI generado: verde → /beɾde/
2026-04-25 12:10:24 [INFO] Corrección aprendida:  y → y
2026-04-25 12:10:24 [INFO] AFI generado: y → /ʝ/
2026-04-25 12:10:24 [INFO] Corrección aprendida:  le → le
2026-04-25 12:10:24 [INFO] AFI generado: le → /le/
2026-04-25 12:10:24 [INFO] Corrección aprendida:  regaló → regaló
2026-04-25 12:10:24 [INFO] AFI generado: regaló → /ɾegaló/
2026-04-25 12:10:24 [INFO] Corrección aprendida:  una → una
2026-04-25 12:10:24 [INFO] AFI generado: una → /una/
2026-04-25 12:10:24 [INFO] Corrección aprendida:  mariposa → mariposa
2026-04-25 12:10:24 [INFO] AFI generado: mariposa → /maɾiposa/
2026-04-25 12:10:24 [INFO] Corrección aprendida:  azul → azul
2026-04-25 12:10:24 [INFO] AFI generado: azul → /aθul/
2026-04-25 12:10:24 [INFO] Corrección aprendida:  que → que
2026-04-25 12:10:24 [INFO] AFI generado: que → /ke/
2026-04-25 12:10:24 [INFO] Corrección aprendida:  brillaba → brillaba
2026-04-25 12:10:24 [INFO] AFI generado: brillaba → /bɾiʎaba/
2026-04-25 12:10:24 [INFO] Corrección aprendida:  como → como
2026-04-25 12:10:24 [INFO] AFI generado: como → /como/
2026-04-25 12:10:24 [INFO] Corrección aprendida:  el → el
2026-04-25 12:10:24 [INFO] AFI generado: el → /el/
2026-04-25 12:10:24 [INFO] Corrección aprendida:  sol. → sol.
2026-04-25 12:10:24 [INFO] AFI generado: sol. → /sol./
2026-04-25 12:10:45 [INFO] Usuario subió archivo: audio_test_infantil.wav
2026-04-25 12:10:45 [INFO] Validando archivo de audio: temp_audio.wav
2026-04-25 12:10:45 [INFO] Cargando modelo Whisper: small
2026-04-25 12:10:51 [INFO] Iniciando transcripción...
2026-04-25 12:11:02 [INFO] Transcripción completada correctamente.
2026-04-25 12:11:03 [INFO] AFI generado: esta → /esta/
2026-04-25 12:11:03 [INFO] AFI generado: mañana, → /mañana,/
2026-04-25 12:11:03 [INFO] AFI generado: la → /la/
2026-04-25 12:11:03 [INFO] AFI generado: pequeña → /pekeña/
2026-04-25 12:11:03 [INFO] AFI generado: martina → /maɾtina/
2026-04-25 12:11:03 [INFO] AFI generado: salió → /salió/
2026-04-25 12:11:03 [INFO] AFI generado: muy → /muʝ/
2026-04-25 12:11:03 [INFO] AFI generado: temprano → /tempɾano/
2026-04-25 12:11:03 [INFO] AFI generado: a → /a/
2026-04-25 12:11:03 [INFO] AFI generado: buscar → /buscaɾ/
2026-04-25 12:11:03 [INFO] AFI generado: una → /una/
2026-04-25 12:11:03 [INFO] AFI generado: piedra → /piedɾa/
2026-04-25 12:11:03 [INFO] AFI generado: brillante → /bɾiʎante/
2026-04-25 12:11:03 [INFO] AFI generado: que → /ke/
2026-04-25 12:11:03 [INFO] AFI generado: había → /abía/
2026-04-25 12:11:03 [INFO] AFI generado: visto → /bisto/
2026-04-25 12:11:03 [INFO] AFI generado: cerca → /θeɾca/
2026-04-25 12:11:03 [INFO] AFI generado: del → /del/
2026-04-25 12:11:03 [INFO] AFI generado: río. → /ɾío./
2026-04-25 12:11:03 [INFO] AFI generado: mientras → /mientɾas/
2026-04-25 12:11:03 [INFO] AFI generado: caminaba → /caminaba/
2026-04-25 12:11:03 [INFO] AFI generado: por → /poɾ/
2026-04-25 12:11:03 [INFO] AFI generado: el → /el/
2026-04-25 12:11:03 [INFO] AFI generado: bosque → /boske/
2026-04-25 12:11:03 [INFO] AFI generado: oscuro, → /oscuɾo,/
2026-04-25 12:11:03 [INFO] AFI generado: encontró → /encontɾó/
2026-04-25 12:11:03 [INFO] AFI generado: un → /un/
2026-04-25 12:11:03 [INFO] AFI generado: dragón → /dɾagón/
2026-04-25 12:11:03 [INFO] AFI generado: dormido → /doɾmido/
2026-04-25 12:11:03 [INFO] AFI generado: entre → /entɾe/
2026-04-25 12:11:03 [INFO] AFI generado: unas → /unas/
2026-04-25 12:11:03 [INFO] AFI generado: flores → /floɾes/
2026-04-25 12:11:03 [INFO] AFI generado: amarillas. → /amaɾiʎas./
2026-04-25 12:11:03 [INFO] AFI generado: martina → /maɾtina/
2026-04-25 12:11:03 [INFO] AFI generado: respió → /ɾespió/
2026-04-25 12:11:03 [INFO] AFI generado: se, → /se,/
2026-04-25 12:11:03 [INFO] AFI generado: acercó → /aθeɾcó/
2026-04-25 12:11:03 [INFO] AFI generado: se → /se/
2026-04-25 12:11:03 [INFO] AFI generado: despacio → /despaθio/
2026-04-25 12:11:03 [INFO] AFI generado: y → /ʝ/
2026-04-25 12:11:03 [INFO] AFI generado: gritó → /gɾitó/
2026-04-25 12:11:03 [INFO] AFI generado: con → /con/
2026-04-25 12:11:03 [INFO] AFI generado: fuerza. → /fueɾθa./
2026-04-25 12:11:03 [INFO] AFI generado: despierta → /despieɾta/
2026-04-25 12:11:03 [INFO] AFI generado: dragón → /dɾagón/
2026-04-25 12:11:03 [INFO] AFI generado: travieso. → /tɾabieso./
2026-04-25 12:11:03 [INFO] AFI generado: el → /el/
2026-04-25 12:11:03 [INFO] AFI generado: dragón → /dɾagón/
2026-04-25 12:11:03 [INFO] AFI generado: abrió → /abɾió/
2026-04-25 12:11:03 [INFO] AFI generado: los → /los/
2026-04-25 12:11:03 [INFO] AFI generado: ojos, → /oksos,/
2026-04-25 12:11:03 [INFO] AFI generado: movió → /mobió/
2026-04-25 12:11:03 [INFO] AFI generado: su → /su/
2026-04-25 12:11:03 [INFO] AFI generado: larga → /laɾga/
2026-04-25 12:11:03 [INFO] AFI generado: cola → /cola/
2026-04-25 12:11:03 [INFO] AFI generado: verde → /beɾde/
2026-04-25 12:11:03 [INFO] AFI generado: y → /ʝ/
2026-04-25 12:11:03 [INFO] AFI generado: le → /le/
2026-04-25 12:11:03 [INFO] AFI generado: regaló → /ɾegaló/
2026-04-25 12:11:03 [INFO] AFI generado: una → /una/
2026-04-25 12:11:03 [INFO] AFI generado: mariposa → /maɾiposa/
2026-04-25 12:11:03 [INFO] AFI generado: azul → /aθul/
2026-04-25 12:11:03 [INFO] AFI generado: que → /ke/
2026-04-25 12:11:03 [INFO] AFI generado: brillaba → /bɾiʎaba/
2026-04-25 12:11:03 [INFO] AFI generado: como → /como/
2026-04-25 12:11:03 [INFO] AFI generado: el → /el/
2026-04-25 12:11:03 [INFO] AFI generado: sol. → /sol./
2026-04-25 12:11:37 [INFO] Corrección aprendida:  esta → esta
2026-04-25 12:11:37 [INFO] AFI generado: esta → /esta/
2026-04-25 12:11:37 [INFO] Corrección aprendida:  mañana, → mañana,
2026-04-25 12:11:37 [INFO] AFI generado: mañana, → /mañana,/
2026-04-25 12:11:37 [INFO] Corrección aprendida:  la → la
2026-04-25 12:11:37 [INFO] AFI generado: la → /la/
2026-04-25 12:11:37 [INFO] Corrección aprendida:  pequeña → pequeña
2026-04-25 12:11:37 [INFO] AFI generado: pequeña → /pekeña/
2026-04-25 12:11:37 [INFO] Corrección aprendida:  martina → martina
2026-04-25 12:11:37 [INFO] AFI generado: martina → /maɾtina/
2026-04-25 12:11:37 [INFO] Corrección aprendida:  salió → salió
2026-04-25 12:11:37 [INFO] AFI generado: salió → /salió/
2026-04-25 12:11:37 [INFO] Corrección aprendida:  muy → muy
2026-04-25 12:11:37 [INFO] AFI generado: muy → /muʝ/
2026-04-25 12:11:37 [INFO] Corrección aprendida:  temprano → temprano
2026-04-25 12:11:37 [INFO] AFI generado: temprano → /tempɾano/
2026-04-25 12:11:37 [INFO] Corrección aprendida:  a → a
2026-04-25 12:11:37 [INFO] AFI generado: a → /a/
2026-04-25 12:11:37 [INFO] Corrección aprendida:  buscar → buscar
2026-04-25 12:11:37 [INFO] AFI generado: buscar → /buscaɾ/
2026-04-25 12:11:37 [INFO] Corrección aprendida:  una → una
2026-04-25 12:11:37 [INFO] AFI generado: una → /una/
2026-04-25 12:11:37 [INFO] Corrección aprendida:  piedra → piedra
2026-04-25 12:11:37 [INFO] AFI generado: piedra → /piedɾa/
2026-04-25 12:11:37 [INFO] Corrección aprendida:  brillante → brillante
2026-04-25 12:11:37 [INFO] AFI generado: brillante → /bɾiʎante/
2026-04-25 12:11:37 [INFO] Corrección aprendida:  que → que
2026-04-25 12:11:37 [INFO] AFI generado: que → /ke/
2026-04-25 12:11:37 [INFO] Corrección aprendida:  había → había
2026-04-25 12:11:37 [INFO] AFI generado: había → /abía/
2026-04-25 12:11:37 [INFO] Corrección aprendida:  visto → visto
2026-04-25 12:11:37 [INFO] AFI generado: visto → /bisto/
2026-04-25 12:11:37 [INFO] Corrección aprendida:  cerca → cerca
2026-04-25 12:11:37 [INFO] AFI generado: cerca → /θeɾca/
2026-04-25 12:11:37 [INFO] Corrección aprendida:  del → del
2026-04-25 12:11:37 [INFO] AFI generado: del → /del/
2026-04-25 12:11:37 [INFO] Corrección aprendida:  río. → río.
2026-04-25 12:11:37 [INFO] AFI generado: río. → /ɾío./
2026-04-25 12:11:37 [INFO] Corrección aprendida:  mientras → mientras
2026-04-25 12:11:37 [INFO] AFI generado: mientras → /mientɾas/
2026-04-25 12:11:37 [INFO] Corrección aprendida:  caminaba → caminaba
2026-04-25 12:11:37 [INFO] AFI generado: caminaba → /caminaba/
2026-04-25 12:11:37 [INFO] Corrección aprendida:  por → por
2026-04-25 12:11:37 [INFO] AFI generado: por → /poɾ/
2026-04-25 12:11:37 [INFO] Corrección aprendida:  el → el
2026-04-25 12:11:37 [INFO] AFI generado: el → /el/
2026-04-25 12:11:37 [INFO] Corrección aprendida:  bosque → bosque
2026-04-25 12:11:37 [INFO] AFI generado: bosque → /boske/
2026-04-25 12:11:37 [INFO] Corrección aprendida:  oscuro, → oscuro,
2026-04-25 12:11:37 [INFO] AFI generado: oscuro, → /oscuɾo,/
2026-04-25 12:11:37 [INFO] Corrección aprendida:  encontró → encontró
2026-04-25 12:11:37 [INFO] AFI generado: encontró → /encontɾó/
2026-04-25 12:11:37 [INFO] Corrección aprendida:  un → un
2026-04-25 12:11:37 [INFO] AFI generado: un → /un/
2026-04-25 12:11:37 [INFO] Corrección aprendida:  dragón → dragón
2026-04-25 12:11:37 [INFO] AFI generado: dragón → /dɾagón/
2026-04-25 12:11:37 [INFO] Corrección aprendida:  dormido → dormido
2026-04-25 12:11:37 [INFO] AFI generado: dormido → /doɾmido/
2026-04-25 12:11:37 [INFO] Corrección aprendida:  entre → entre
2026-04-25 12:11:37 [INFO] AFI generado: entre → /entɾe/
2026-04-25 12:11:37 [INFO] Corrección aprendida:  unas → unas
2026-04-25 12:11:37 [INFO] AFI generado: unas → /unas/
2026-04-25 12:11:37 [INFO] Corrección aprendida:  flores → flores
2026-04-25 12:11:37 [INFO] AFI generado: flores → /floɾes/
2026-04-25 12:11:37 [INFO] Corrección aprendida:  amarillas. → amarillas.
2026-04-25 12:11:37 [INFO] AFI generado: amarillas. → /amaɾiʎas./
2026-04-25 12:11:37 [INFO] Corrección aprendida:  martina → martina
2026-04-25 12:11:37 [INFO] AFI generado: martina → /maɾtina/
2026-04-25 12:11:37 [INFO] Corrección aprendida:  respió → respió
2026-04-25 12:11:37 [INFO] AFI generado: respió → /ɾespió/
2026-04-25 12:11:37 [INFO] Corrección aprendida:  se, → hondo,
2026-04-25 12:11:37 [INFO] AFI generado: hondo, → /ondo,/
2026-04-25 12:11:37 [INFO] Corrección aprendida:  acercó → se
2026-04-25 12:11:37 [INFO] AFI generado: se → /se/
2026-04-25 12:11:37 [INFO] Corrección aprendida:  se → acercó
2026-04-25 12:11:37 [INFO] AFI generado: acercó → /aθeɾcó/
2026-04-25 12:11:37 [INFO] Corrección aprendida:  despacio → despacio
2026-04-25 12:11:37 [INFO] AFI generado: despacio → /despaθio/
2026-04-25 12:11:38 [INFO] Corrección aprendida:  y → y
2026-04-25 12:11:38 [INFO] AFI generado: y → /ʝ/
2026-04-25 12:11:38 [INFO] Corrección aprendida:  gritó → gritó
2026-04-25 12:11:38 [INFO] AFI generado: gritó → /gɾitó/
2026-04-25 12:11:38 [INFO] Corrección aprendida:  con → con
2026-04-25 12:11:38 [INFO] AFI generado: con → /con/
2026-04-25 12:11:38 [INFO] Corrección aprendida:  fuerza. → fuerza.
2026-04-25 12:11:38 [INFO] AFI generado: fuerza. → /fueɾθa./
2026-04-25 12:11:38 [INFO] Corrección aprendida:  despierta → despierta
2026-04-25 12:11:38 [INFO] AFI generado: despierta → /despieɾta/
2026-04-25 12:11:38 [INFO] Corrección aprendida:  dragón → dragón
2026-04-25 12:11:38 [INFO] AFI generado: dragón → /dɾagón/
2026-04-25 12:11:38 [INFO] Corrección aprendida:  travieso. → travieso.
2026-04-25 12:11:38 [INFO] AFI generado: travieso. → /tɾabieso./
2026-04-25 12:11:38 [INFO] Corrección aprendida:  el → el
2026-04-25 12:11:38 [INFO] AFI generado: el → /el/
2026-04-25 12:11:38 [INFO] Corrección aprendida:  dragón → dragón
2026-04-25 12:11:38 [INFO] AFI generado: dragón → /dɾagón/
2026-04-25 12:11:38 [INFO] Corrección aprendida:  abrió → abrió
2026-04-25 12:11:38 [INFO] AFI generado: abrió → /abɾió/
2026-04-25 12:11:38 [INFO] Corrección aprendida:  los → los
2026-04-25 12:11:38 [INFO] AFI generado: los → /los/
2026-04-25 12:11:38 [INFO] Corrección aprendida:  ojos, → ojos,
2026-04-25 12:11:38 [INFO] AFI generado: ojos, → /oksos,/
2026-04-25 12:11:38 [INFO] Corrección aprendida:  movió → movió
2026-04-25 12:11:38 [INFO] AFI generado: movió → /mobió/
2026-04-25 12:11:38 [INFO] Corrección aprendida:  su → su
2026-04-25 12:11:38 [INFO] AFI generado: su → /su/
2026-04-25 12:11:38 [INFO] Corrección aprendida:  larga → larga
2026-04-25 12:11:38 [INFO] AFI generado: larga → /laɾga/
2026-04-25 12:11:38 [INFO] Corrección aprendida:  cola → cola
2026-04-25 12:11:38 [INFO] AFI generado: cola → /cola/
2026-04-25 12:11:38 [INFO] Corrección aprendida:  verde → verde
2026-04-25 12:11:38 [INFO] AFI generado: verde → /beɾde/
2026-04-25 12:11:38 [INFO] Corrección aprendida:  y → y
2026-04-25 12:11:38 [INFO] AFI generado: y → /ʝ/
2026-04-25 12:11:38 [INFO] Corrección aprendida:  le → le
2026-04-25 12:11:38 [INFO] AFI generado: le → /le/
2026-04-25 12:11:38 [INFO] Corrección aprendida:  regaló → regaló
2026-04-25 12:11:38 [INFO] AFI generado: regaló → /ɾegaló/
2026-04-25 12:11:38 [INFO] Corrección aprendida:  una → una
2026-04-25 12:11:38 [INFO] AFI generado: una → /una/
2026-04-25 12:11:38 [INFO] Corrección aprendida:  mariposa → mariposa
2026-04-25 12:11:38 [INFO] AFI generado: mariposa → /maɾiposa/
2026-04-25 12:11:38 [INFO] Corrección aprendida:  azul → azul
2026-04-25 12:11:38 [INFO] AFI generado: azul → /aθul/
2026-04-25 12:11:38 [INFO] Corrección aprendida:  que → que
2026-04-25 12:11:38 [INFO] AFI generado: que → /ke/
2026-04-25 12:11:38 [INFO] Corrección aprendida:  brillaba → brillaba
2026-04-25 12:11:38 [INFO] AFI generado: brillaba → /bɾiʎaba/
2026-04-25 12:11:38 [INFO] Corrección aprendida:  como → como
2026-04-25 12:11:38 [INFO] AFI generado: como → /como/
2026-04-25 12:11:38 [INFO] Corrección aprendida:  el → el
2026-04-25 12:11:38 [INFO] AFI generado: el → /el/
2026-04-25 12:11:38 [INFO] Corrección aprendida:  sol. → sol.
2026-04-25 12:11:38 [INFO] AFI generado: sol. → /sol./
2026-04-25 12:12:55 [INFO] Archivo guardado en: docs\sesiones\sesion_20260425_121255.json
2026-04-26 18:09:37 [INFO] Usuario subió archivo: audio_test_infantil.wav
2026-04-26 18:09:37 [ERROR] Error procesando audio: No module named 'vosk'
2026-04-26 18:16:44 [INFO] Usuario subió archivo: audio_test_infantil.wav
2026-04-26 18:29:20 [INFO] Usuario subió archivo: audio_test_infantil.wav
2026-04-26 18:38:56 [INFO] Usuario subió archivo: audio_test_infantil.wav
2026-04-26 18:40:07 [INFO] Usuario subió archivo: audio_test_infantil.wav
2026-04-26 18:45:06 [INFO] Usuario subió archivo: audio_test_infantil.wav
2026-04-26 18:50:37 [INFO] Usuario subió archivo: audio_test_infantil.wav
2026-04-26 18:53:32 [INFO] Usuario subió archivo: audio_test_infantil.wav
2026-04-26 18:55:03 [INFO] Usuario subió archivo: audio_test_infantil.wav
2026-04-26 18:55:03 [INFO] Validando archivo de audio: temp_audio.wav
2026-04-26 18:55:03 [INFO] Cargando modelo Whisper: small
2026-04-26 18:55:08 [INFO] Iniciando transcripción...
2026-04-26 18:55:34 [INFO] Transcripción completada correctamente.
2026-04-26 18:55:34 [INFO] AFI generado: esta → /esta/
2026-04-26 18:55:34 [INFO] AFI generado: mañana, → /mañana,/
2026-04-26 18:55:34 [INFO] AFI generado: la → /la/
2026-04-26 18:55:34 [INFO] AFI generado: pequeña → /pekeña/
2026-04-26 18:55:34 [INFO] AFI generado: martina → /maɾtina/
2026-04-26 18:55:34 [INFO] AFI generado: salió → /salió/
2026-04-26 18:55:34 [INFO] AFI generado: muy → /muʝ/
2026-04-26 18:55:34 [INFO] AFI generado: temprano → /tempɾano/
2026-04-26 18:55:34 [INFO] AFI generado: a → /a/
2026-04-26 18:55:34 [INFO] AFI generado: buscar → /buscaɾ/
2026-04-26 18:55:34 [INFO] AFI generado: una → /una/
2026-04-26 18:55:34 [INFO] AFI generado: piedra → /piedɾa/
2026-04-26 18:55:34 [INFO] AFI generado: brillante → /bɾiʎante/
2026-04-26 18:55:34 [INFO] AFI generado: que → /ke/
2026-04-26 18:55:34 [INFO] AFI generado: había → /abía/
2026-04-26 18:55:34 [INFO] AFI generado: visto → /bisto/
2026-04-26 18:55:34 [INFO] AFI generado: cerca → /θeɾca/
2026-04-26 18:55:34 [INFO] AFI generado: del → /del/
2026-04-26 18:55:34 [INFO] AFI generado: río. → /ɾío./
2026-04-26 18:55:34 [INFO] AFI generado: mientras → /mientɾas/
2026-04-26 18:55:34 [INFO] AFI generado: caminaba → /caminaba/
2026-04-26 18:55:34 [INFO] AFI generado: por → /poɾ/
2026-04-26 18:55:34 [INFO] AFI generado: el → /el/
2026-04-26 18:55:34 [INFO] AFI generado: bosque → /boske/
2026-04-26 18:55:34 [INFO] AFI generado: oscuro, → /oscuɾo,/
2026-04-26 18:55:34 [INFO] AFI generado: encontró → /encontɾó/
2026-04-26 18:55:34 [INFO] AFI generado: un → /un/
2026-04-26 18:55:34 [INFO] AFI generado: dragón → /dɾagón/
2026-04-26 18:55:34 [INFO] AFI generado: dormido → /doɾmido/
2026-04-26 18:55:34 [INFO] AFI generado: entre → /entɾe/
2026-04-26 18:55:34 [INFO] AFI generado: unas → /unas/
2026-04-26 18:55:34 [INFO] AFI generado: flores → /floɾes/
2026-04-26 18:55:34 [INFO] AFI generado: amarillas. → /amaɾiʎas./
2026-04-26 18:55:34 [INFO] AFI generado: martina → /maɾtina/
2026-04-26 18:55:34 [INFO] AFI generado: respió → /ɾespió/
2026-04-26 18:55:34 [INFO] AFI generado: se, → /se,/
2026-04-26 18:55:34 [INFO] AFI generado: acercó → /aθeɾcó/
2026-04-26 18:55:34 [INFO] AFI generado: se → /se/
2026-04-26 18:55:34 [INFO] AFI generado: despacio → /despaθio/
2026-04-26 18:55:34 [INFO] AFI generado: y → /ʝ/
2026-04-26 18:55:34 [INFO] AFI generado: gritó → /gɾitó/
2026-04-26 18:55:34 [INFO] AFI generado: con → /con/
2026-04-26 18:55:34 [INFO] AFI generado: fuerza. → /fueɾθa./
2026-04-26 18:55:34 [INFO] AFI generado: despierta → /despieɾta/
2026-04-26 18:55:34 [INFO] AFI generado: dragón → /dɾagón/
2026-04-26 18:55:34 [INFO] AFI generado: travieso. → /tɾabieso./
2026-04-26 18:55:34 [INFO] AFI generado: el → /el/
2026-04-26 18:55:34 [INFO] AFI generado: dragón → /dɾagón/
2026-04-26 18:55:34 [INFO] AFI generado: abrió → /abɾió/
2026-04-26 18:55:34 [INFO] AFI generado: los → /los/
2026-04-26 18:55:34 [INFO] AFI generado: ojos, → /oksos,/
2026-04-26 18:55:34 [INFO] AFI generado: movió → /mobió/
2026-04-26 18:55:34 [INFO] AFI generado: su → /su/
2026-04-26 18:55:34 [INFO] AFI generado: larga → /laɾga/
2026-04-26 18:55:34 [INFO] AFI generado: cola → /cola/
2026-04-26 18:55:34 [INFO] AFI generado: verde → /beɾde/
2026-04-26 18:55:34 [INFO] AFI generado: y → /ʝ/
2026-04-26 18:55:34 [INFO] AFI generado: le → /le/
2026-04-26 18:55:34 [INFO] AFI generado: regaló → /ɾegaló/
2026-04-26 18:55:34 [INFO] AFI generado: una → /una/
2026-04-26 18:55:34 [INFO] AFI generado: mariposa → /maɾiposa/
2026-04-26 18:55:34 [INFO] AFI generado: azul → /aθul/
2026-04-26 18:55:34 [INFO] AFI generado: que → /ke/
2026-04-26 18:55:34 [INFO] AFI generado: brillaba → /bɾiʎaba/
2026-04-26 18:55:34 [INFO] AFI generado: como → /como/
2026-04-26 18:55:34 [INFO] AFI generado: el → /el/
2026-04-26 18:55:34 [INFO] AFI generado: sol. → /sol./
2026-04-26 18:55:40 [INFO] Usuario subió archivo: audio_test_infantil.wav
2026-04-26 18:57:30 [INFO] Usuario subió archivo: audio_psf_test.wav
2026-04-26 18:57:30 [INFO] Validando archivo de audio: temp_audio.wav
2026-04-26 18:57:30 [INFO] Cargando modelo Whisper: small
2026-04-26 18:57:32 [INFO] Iniciando transcripción...
2026-04-26 18:57:38 [INFO] Transcripción completada correctamente.
2026-04-26 18:57:38 [INFO] AFI generado: la → /la/
2026-04-26 18:57:38 [INFO] AFI generado: niña → /niña/
2026-04-26 18:57:38 [INFO] AFI generado: martina → /maɾtina/
2026-04-26 18:57:38 [INFO] AFI generado: vio → /bio/
2026-04-26 18:57:38 [INFO] AFI generado: un → /un/
2026-04-26 18:57:38 [INFO] AFI generado: ragón → /ɾagón/
2026-04-26 18:57:38 [INFO] AFI generado: vede → /bede/
2026-04-26 18:57:38 [INFO] AFI generado: y → /ʝ/
2026-04-26 18:57:38 [INFO] AFI generado: una → /una/
2026-04-26 18:57:38 [INFO] AFI generado: posa → /posa/
2026-04-26 18:57:38 [INFO] AFI generado: azul. → /aθul./
2026-04-26 18:57:38 [INFO] AFI generado: el → /el/
2026-04-26 18:57:38 [INFO] AFI generado: dagondo → /dagondo/
2026-04-26 18:57:38 [INFO] AFI generado: mía, → /mía,/
2026-04-26 18:57:38 [INFO] AFI generado: entre → /entɾe/
2026-04-26 18:57:38 [INFO] AFI generado: flores → /floɾes/
2026-04-26 18:57:38 [INFO] AFI generado: y → /ʝ/
2026-04-26 18:57:38 [INFO] AFI generado: la → /la/
2026-04-26 18:57:38 [INFO] AFI generado: mapiposa → /mapiposa/
2026-04-26 18:57:38 [INFO] AFI generado: volaba → /bolaba/
2026-04-26 18:57:38 [INFO] AFI generado: la → /la/
2026-04-26 18:57:38 [INFO] AFI generado: pio. → /pio./
2026-04-26 19:02:18 [INFO] Usuario subió archivo: audio_test_infantil.wav
2026-04-26 19:05:03 [INFO] Usuario subió archivo: audio_test_infantil.wav
2026-04-26 19:07:27 [INFO] Usuario subió archivo: audio_test_infantil.wav
2026-04-26 19:07:27 [INFO] Validando archivo de audio: temp_audio.wav
2026-04-26 19:07:27 [INFO] Cargando modelo Whisper: small
2026-04-26 19:07:28 [INFO] Iniciando transcripción...
2026-04-26 19:07:33 [INFO] Usuario subió archivo: audio_test_infantil.wav
2026-04-26 19:07:38 [INFO] Transcripción completada correctamente.
2026-04-26 19:07:38 [INFO] AFI generado: esta → /esta/
2026-04-26 19:07:38 [INFO] AFI generado: mañana, → /mañana,/
2026-04-26 19:07:38 [INFO] AFI generado: la → /la/
2026-04-26 19:07:38 [INFO] AFI generado: pequeña → /pekeña/
2026-04-26 19:07:38 [INFO] AFI generado: martina → /maɾtina/
2026-04-26 19:07:38 [INFO] AFI generado: salió → /salió/
2026-04-26 19:07:38 [INFO] AFI generado: muy → /muʝ/
2026-04-26 19:07:38 [INFO] AFI generado: temprano → /tempɾano/
2026-04-26 19:07:38 [INFO] AFI generado: a → /a/
2026-04-26 19:07:38 [INFO] AFI generado: buscar → /buscaɾ/
2026-04-26 19:07:38 [INFO] AFI generado: una → /una/
2026-04-26 19:07:38 [INFO] AFI generado: piedra → /piedɾa/
2026-04-26 19:07:38 [INFO] AFI generado: brillante → /bɾiʎante/
2026-04-26 19:07:38 [INFO] AFI generado: que → /ke/
2026-04-26 19:07:38 [INFO] AFI generado: había → /abía/
2026-04-26 19:07:38 [INFO] AFI generado: visto → /bisto/
2026-04-26 19:07:38 [INFO] AFI generado: cerca → /θeɾca/
2026-04-26 19:07:38 [INFO] AFI generado: del → /del/
2026-04-26 19:07:38 [INFO] AFI generado: río. → /ɾío./
2026-04-26 19:07:38 [INFO] AFI generado: mientras → /mientɾas/
2026-04-26 19:07:38 [INFO] AFI generado: caminaba → /caminaba/
2026-04-26 19:07:38 [INFO] AFI generado: por → /poɾ/
2026-04-26 19:07:38 [INFO] AFI generado: el → /el/
2026-04-26 19:07:38 [INFO] AFI generado: bosque → /boske/
2026-04-26 19:07:38 [INFO] AFI generado: oscuro, → /oscuɾo,/
2026-04-26 19:07:38 [INFO] AFI generado: encontró → /encontɾó/
2026-04-26 19:07:38 [INFO] AFI generado: un → /un/
2026-04-26 19:07:38 [INFO] AFI generado: dragón → /dɾagón/
2026-04-26 19:07:38 [INFO] AFI generado: dormido → /doɾmido/
2026-04-26 19:07:38 [INFO] AFI generado: entre → /entɾe/
2026-04-26 19:07:38 [INFO] AFI generado: unas → /unas/
2026-04-26 19:07:38 [INFO] AFI generado: flores → /floɾes/
2026-04-26 19:07:38 [INFO] AFI generado: amarillas. → /amaɾiʎas./
2026-04-26 19:07:38 [INFO] AFI generado: martina → /maɾtina/
2026-04-26 19:07:38 [INFO] AFI generado: respió → /ɾespió/
2026-04-26 19:07:38 [INFO] AFI generado: se, → /se,/
2026-04-26 19:07:38 [INFO] AFI generado: acercó → /aθeɾcó/
2026-04-26 19:07:38 [INFO] AFI generado: se → /se/
2026-04-26 19:07:38 [INFO] AFI generado: despacio → /despaθio/
2026-04-26 19:07:38 [INFO] AFI generado: y → /ʝ/
2026-04-26 19:07:38 [INFO] AFI generado: gritó → /gɾitó/
2026-04-26 19:07:38 [INFO] AFI generado: con → /con/
2026-04-26 19:07:38 [INFO] AFI generado: fuerza. → /fueɾθa./
2026-04-26 19:07:38 [INFO] AFI generado: despierta → /despieɾta/
2026-04-26 19:07:38 [INFO] AFI generado: dragón → /dɾagón/
2026-04-26 19:07:38 [INFO] AFI generado: travieso. → /tɾabieso./
2026-04-26 19:07:38 [INFO] AFI generado: el → /el/
2026-04-26 19:07:38 [INFO] AFI generado: dragón → /dɾagón/
2026-04-26 19:07:38 [INFO] AFI generado: abrió → /abɾió/
2026-04-26 19:07:38 [INFO] AFI generado: los → /los/
2026-04-26 19:07:38 [INFO] AFI generado: ojos, → /oksos,/
2026-04-26 19:07:38 [INFO] AFI generado: movió → /mobió/
2026-04-26 19:07:38 [INFO] AFI generado: su → /su/
2026-04-26 19:07:38 [INFO] AFI generado: larga → /laɾga/
2026-04-26 19:07:38 [INFO] AFI generado: cola → /cola/
2026-04-26 19:07:38 [INFO] AFI generado: verde → /beɾde/
2026-04-26 19:07:38 [INFO] AFI generado: y → /ʝ/
2026-04-26 19:07:38 [INFO] AFI generado: le → /le/
2026-04-26 19:07:38 [INFO] AFI generado: regaló → /ɾegaló/
2026-04-26 19:07:38 [INFO] AFI generado: una → /una/
2026-04-26 19:07:38 [INFO] AFI generado: mariposa → /maɾiposa/
2026-04-26 19:07:38 [INFO] AFI generado: azul → /aθul/
2026-04-26 19:07:38 [INFO] AFI generado: que → /ke/
2026-04-26 19:07:38 [INFO] AFI generado: brillaba → /bɾiʎaba/
2026-04-26 19:07:38 [INFO] AFI generado: como → /como/
2026-04-26 19:07:38 [INFO] AFI generado: el → /el/
2026-04-26 19:07:38 [INFO] AFI generado: sol. → /sol./
2026-04-26 19:14:45 [INFO] Usuario subió archivo: audio_test_infantil.wav
2026-04-26 19:14:46 [INFO] AFI generado: esta → /esta/
2026-04-26 19:14:46 [INFO] AFI generado: mañana → /mañana/
2026-04-26 19:14:46 [INFO] AFI generado: la → /la/
2026-04-26 19:14:46 [INFO] AFI generado: pequeña → /pekeña/
2026-04-26 19:14:46 [INFO] AFI generado: martina → /maɾtina/
2026-04-26 19:14:46 [INFO] AFI generado: salió → /salió/
2026-04-26 19:14:46 [INFO] AFI generado: muy → /muʝ/
2026-04-26 19:14:46 [INFO] AFI generado: temprano → /tempɾano/
2026-04-26 19:14:46 [INFO] AFI generado: a → /a/
2026-04-26 19:14:46 [INFO] AFI generado: buscar → /buscaɾ/
2026-04-26 19:14:46 [INFO] AFI generado: una → /una/
2026-04-26 19:14:46 [INFO] AFI generado: piedra → /piedɾa/
2026-04-26 19:14:46 [INFO] AFI generado: brillante → /bɾiʎante/
2026-04-26 19:14:46 [INFO] AFI generado: que → /ke/
2026-04-26 19:14:46 [INFO] AFI generado: había → /abía/
2026-04-26 19:14:46 [INFO] AFI generado: visto → /bisto/
2026-04-26 19:14:46 [INFO] AFI generado: cerca → /θeɾca/
2026-04-26 19:14:46 [INFO] AFI generado: del → /del/
2026-04-26 19:14:46 [INFO] AFI generado: río → /ɾío/
2026-04-26 19:14:46 [INFO] AFI generado: mientras → /mientɾas/
2026-04-26 19:14:46 [INFO] AFI generado: caminaba → /caminaba/
2026-04-26 19:14:46 [INFO] AFI generado: por → /poɾ/
2026-04-26 19:14:46 [INFO] AFI generado: el → /el/
2026-04-26 19:14:46 [INFO] AFI generado: bosque → /boske/
2026-04-26 19:14:46 [INFO] AFI generado: oscuro → /oscuɾo/
2026-04-26 19:14:46 [INFO] AFI generado: encontró → /encontɾó/
2026-04-26 19:14:46 [INFO] AFI generado: un → /un/
2026-04-26 19:14:46 [INFO] AFI generado: dragón → /dɾagón/
2026-04-26 19:14:46 [INFO] AFI generado: dormido → /doɾmido/
2026-04-26 19:14:46 [INFO] AFI generado: entre → /entɾe/
2026-04-26 19:14:46 [INFO] AFI generado: unas → /unas/
2026-04-26 19:14:46 [INFO] AFI generado: flores → /floɾes/
2026-04-26 19:14:46 [INFO] AFI generado: amarillas → /amaɾiʎas/
2026-04-26 19:14:46 [INFO] AFI generado: martina → /maɾtina/
2026-04-26 19:14:46 [INFO] AFI generado: respiró → /ɾespiɾó/
2026-04-26 19:14:46 [INFO] AFI generado: se → /se/
2026-04-26 19:14:46 [INFO] AFI generado: acercó → /aθeɾcó/
2026-04-26 19:14:46 [INFO] AFI generado: se → /se/
2026-04-26 19:14:46 [INFO] AFI generado: despacio → /despaθio/
2026-04-26 19:14:46 [INFO] AFI generado: y → /ʝ/
2026-04-26 19:14:46 [INFO] AFI generado: gritó → /gɾitó/
2026-04-26 19:14:46 [INFO] AFI generado: con → /con/
2026-04-26 19:14:46 [INFO] AFI generado: fuerza → /fueɾθa/
2026-04-26 19:14:46 [INFO] AFI generado: despierta → /despieɾta/
2026-04-26 19:14:46 [INFO] AFI generado: dragón → /dɾagón/
2026-04-26 19:14:46 [INFO] AFI generado: travieso → /tɾabieso/
2026-04-26 19:14:46 [INFO] AFI generado: so → /so/
2026-04-26 19:14:46 [INFO] AFI generado: el → /el/
2026-04-26 19:14:46 [INFO] AFI generado: dragón → /dɾagón/
2026-04-26 19:14:46 [INFO] AFI generado: abrió → /abɾió/
2026-04-26 19:14:46 [INFO] AFI generado: los → /los/
2026-04-26 19:14:46 [INFO] AFI generado: ojos → /oksos/
2026-04-26 19:14:46 [INFO] AFI generado: movió → /mobió/
2026-04-26 19:14:46 [INFO] AFI generado: su → /su/
2026-04-26 19:14:46 [INFO] AFI generado: larga → /laɾga/
2026-04-26 19:14:46 [INFO] AFI generado: cola → /cola/
2026-04-26 19:14:46 [INFO] AFI generado: verde → /beɾde/
2026-04-26 19:14:46 [INFO] AFI generado: y → /ʝ/
2026-04-26 19:14:46 [INFO] AFI generado: le → /le/
2026-04-26 19:14:46 [INFO] AFI generado: regaló → /ɾegaló/
2026-04-26 19:14:46 [INFO] AFI generado: una → /una/
2026-04-26 19:14:46 [INFO] AFI generado: mariposa → /maɾiposa/
2026-04-26 19:14:46 [INFO] AFI generado: azul → /aθul/
2026-04-26 19:14:46 [INFO] AFI generado: que → /ke/
2026-04-26 19:14:46 [INFO] AFI generado: brillaba → /bɾiʎaba/
2026-04-26 19:14:46 [INFO] AFI generado: como → /como/
2026-04-26 19:14:46 [INFO] AFI generado: el → /el/
2026-04-26 19:14:46 [INFO] AFI generado: sol → /sol/
2026-04-27 19:27:37 [INFO] Usuario subió archivo: AudioB.wav
2026-04-27 19:27:37 [INFO] Validando archivo de audio: temp_audio.wav
2026-04-27 19:27:37 [INFO] Cargando modelo Whisper: small
2026-04-27 19:27:39 [INFO] Iniciando transcripción...
2026-04-27 19:31:15 [INFO] Transcripción completada correctamente.
2026-04-27 19:31:15 [INFO] AFI generado: este → /este/
2026-04-27 19:31:15 [INFO] AFI generado: niño, → /niño,/
2026-04-27 19:31:15 [INFO] AFI generado: pero → /peɾo/
2026-04-27 19:31:15 [INFO] AFI generado: este → /este/
2026-04-27 19:31:15 [INFO] AFI generado: niño → /niño/
2026-04-27 19:31:15 [INFO] AFI generado: llamaba → /ʎamaba/
2026-04-27 19:31:15 [INFO] AFI generado: loco → /loco/
2026-04-27 19:31:15 [INFO] AFI generado: y → /ʝ/
2026-04-27 19:31:15 [INFO] AFI generado: tenía → /tenía/
2026-04-27 19:31:15 [INFO] AFI generado: una → /una/
2026-04-27 19:31:15 [INFO] AFI generado: brana. → /bɾana./
2026-04-27 19:31:15 [INFO] AFI generado: y... → /ʝ.../
2026-04-27 19:31:15 [INFO] AFI generado: y... → /ʝ.../
2026-04-27 19:31:15 [INFO] AFI generado: y... → /ʝ.../
2026-04-27 19:31:15 [INFO] AFI generado: y... → /ʝ.../
2026-04-27 19:31:15 [INFO] AFI generado: y... → /ʝ.../
2026-04-27 19:31:15 [INFO] AFI generado: y → /ʝ/
2026-04-27 19:31:15 [INFO] AFI generado: tanto... → /tanto.../
2026-04-27 19:31:15 [INFO] AFI generado: y → /ʝ/
2026-04-27 19:31:15 [INFO] AFI generado: para → /paɾa/
2026-04-27 19:31:15 [INFO] AFI generado: otra → /otɾa/
2026-04-27 19:31:15 [INFO] AFI generado: mañana... → /mañana.../
2026-04-27 19:31:15 [INFO] AFI generado: la → /la/
2026-04-27 19:31:15 [INFO] AFI generado: brana... → /bɾana.../
2026-04-27 19:31:15 [INFO] AFI generado: mi → /mi/
2026-04-27 19:31:15 [INFO] AFI generado: rollo... → /ɾoʎo.../
2026-04-27 19:31:15 [INFO] AFI generado: tóis → /tóis/
2026-04-27 19:31:15 [INFO] AFI generado: bote → /bote/
2026-04-27 19:31:15 [INFO] AFI generado: loca, → /loca,/
2026-04-27 19:31:15 [INFO] AFI generado: pero → /peɾo/
2026-04-27 19:31:15 [INFO] AFI generado: no → /no/
2026-04-27 19:31:15 [INFO] AFI generado: estaba. → /estaba./
2026-04-27 19:31:15 [INFO] AFI generado: miró... → /miɾó.../
2026-04-27 19:31:15 [INFO] AFI generado: epe → /epe/
2026-04-27 19:31:15 [INFO] AFI generado: lo... → /lo.../
2026-04-27 19:31:15 [INFO] AFI generado: vos → /bos/
2026-04-27 19:31:15 [INFO] AFI generado: eres → /eɾes/
2026-04-27 19:31:15 [INFO] AFI generado: acercó → /aθeɾcó/
2026-04-27 19:31:15 [INFO] AFI generado: bote, → /bote,/
2026-04-27 19:31:15 [INFO] AFI generado: pero... → /peɾo.../
2026-04-27 19:31:15 [INFO] AFI generado: ea → /ea/
2026-04-27 19:31:15 [INFO] AFI generado: cacora, → /cacoɾa,/
2026-04-27 19:31:15 [INFO] AFI generado: babela. → /babela./
2026-04-27 19:31:15 [INFO] AFI generado: miró, → /miɾó,/
2026-04-27 19:31:15 [INFO] AFI generado: borra, → /boɾa,/
2026-04-27 19:31:15 [INFO] AFI generado: vetana. → /betana./
2026-04-27 19:31:15 [INFO] AFI generado: ¡la, → /¡la,/
2026-04-27 19:31:15 [INFO] AFI generado: la, → /la,/
2026-04-27 19:31:15 [INFO] AFI generado: la, → /la,/
2026-04-27 19:31:15 [INFO] AFI generado: la, → /la,/
2026-04-27 19:31:15 [INFO] AFI generado: la, → /la,/
2026-04-27 19:31:15 [INFO] AFI generado: la, → /la,/
2026-04-27 19:31:15 [INFO] AFI generado: la, → /la,/
2026-04-27 19:31:15 [INFO] AFI generado: la, → /la,/
2026-04-27 19:31:15 [INFO] AFI generado: la, → /la,/
2026-04-27 19:31:15 [INFO] AFI generado: la, → /la,/
2026-04-27 19:31:15 [INFO] AFI generado: la, → /la,/
2026-04-27 19:31:15 [INFO] AFI generado: la, → /la,/
2026-04-27 19:31:15 [INFO] AFI generado: la! → /la!/
2026-04-27 19:31:15 [INFO] AFI generado: miró, → /miɾó,/
2026-04-27 19:31:15 [INFO] AFI generado: borra, → /boɾa,/
2026-04-27 19:31:15 [INFO] AFI generado: vetana. → /betana./
2026-04-27 19:31:15 [INFO] AFI generado: ¡eres → /¡eɾes/
2026-04-27 19:31:15 [INFO] AFI generado: acercó → /aθeɾcó/
2026-04-27 19:31:15 [INFO] AFI generado: bote, → /bote,/
2026-04-27 19:31:15 [INFO] AFI generado: pero → /peɾo/
2026-04-27 19:31:15 [INFO] AFI generado: no → /no/
2026-04-27 19:31:15 [INFO] AFI generado: eres → /eɾes/
2026-04-27 19:31:15 [INFO] AFI generado: acercó → /aθeɾcó/
2026-04-27 19:31:15 [INFO] AFI generado: bote, → /bote,/
2026-04-27 19:31:15 [INFO] AFI generado: pero → /peɾo/
2026-04-27 19:31:15 [INFO] AFI generado: no → /no/
2026-04-27 19:31:15 [INFO] AFI generado: eres → /eɾes/
2026-04-27 19:31:15 [INFO] AFI generado: acercó → /aθeɾcó/
2026-04-27 19:31:15 [INFO] AFI generado: bote, → /bote,/
2026-04-27 19:31:15 [INFO] AFI generado: pero → /peɾo/
2026-04-27 19:31:15 [INFO] AFI generado: no → /no/
2026-04-27 19:31:15 [INFO] AFI generado: eres → /eɾes/
2026-04-27 19:31:15 [INFO] AFI generado: acercó → /aθeɾcó/
2026-04-27 19:31:15 [INFO] AFI generado: bote, → /bote,/
2026-04-27 19:31:15 [INFO] AFI generado: pero... → /peɾo.../
2026-04-27 19:31:15 [INFO] AFI generado: y... → /ʝ.../
2026-04-27 19:31:15 [INFO] AFI generado: miró, → /miɾó,/
2026-04-27 19:31:15 [INFO] AFI generado: borra, → /boɾa,/
2026-04-27 19:31:15 [INFO] AFI generado: vetana. → /betana./
2026-04-27 19:31:15 [INFO] AFI generado: y → /ʝ/
2026-04-27 19:31:15 [INFO] AFI generado: por → /poɾ/
2026-04-27 19:31:15 [INFO] AFI generado: qué → /ké/
2026-04-27 19:31:15 [INFO] AFI generado: le → /le/
2026-04-27 19:31:15 [INFO] AFI generado: estaba → /estaba/
2026-04-27 19:31:15 [INFO] AFI generado: moletano → /moletano/
2026-04-27 19:31:15 [INFO] AFI generado: y → /ʝ/
2026-04-27 19:31:15 [INFO] AFI generado: el → /el/
2026-04-27 19:31:15 [INFO] AFI generado: pelo → /pelo/
2026-04-27 19:31:15 [INFO] AFI generado: miró → /miɾó/
2026-04-27 19:31:15 [INFO] AFI generado: por → /poɾ/
2026-04-27 19:31:15 [INFO] AFI generado: una... → /una.../
2026-04-27 19:31:15 [INFO] AFI generado: por → /poɾ/
2026-04-27 19:31:15 [INFO] AFI generado: una → /una/
2026-04-27 19:31:15 [INFO] AFI generado: mía → /mía/
2026-04-27 19:31:15 [INFO] AFI generado: pero → /peɾo/
2026-04-27 19:31:15 [INFO] AFI generado: estaba → /estaba/
2026-04-27 19:31:15 [INFO] AFI generado: abeja → /abeksa/
2026-04-27 19:31:15 [INFO] AFI generado: y → /ʝ/
2026-04-27 19:31:15 [INFO] AFI generado: él → /él/
2026-04-27 19:31:15 [INFO] AFI generado: me → /me/
2026-04-27 19:31:15 [INFO] AFI generado: lo → /lo/
2026-04-27 19:31:15 [INFO] AFI generado: miró → /miɾó/
2026-04-27 19:31:15 [INFO] AFI generado: y... → /ʝ.../
2026-04-27 19:31:15 [INFO] AFI generado: y → /ʝ/
2026-04-27 19:31:15 [INFO] AFI generado: acercó → /aθeɾcó/
2026-04-27 19:31:15 [INFO] AFI generado: repente... → /ɾepente.../
2026-04-27 19:31:15 [INFO] AFI generado: la → /la/
2026-04-27 19:31:15 [INFO] AFI generado: beja → /beksa/
2026-04-27 19:31:15 [INFO] AFI generado: pedidía → /pedidía/
2026-04-27 19:31:15 [INFO] AFI generado: el → /el/
2026-04-27 19:31:15 [INFO] AFI generado: pelo → /pelo/
2026-04-27 19:31:15 [INFO] AFI generado: y... → /ʝ.../
2026-04-27 19:31:15 [INFO] AFI generado: y... → /ʝ.../
2026-04-27 19:31:15 [INFO] AFI generado: y... → /ʝ.../
2026-04-27 19:31:15 [INFO] AFI generado: y... → /ʝ.../
2026-04-27 19:31:15 [INFO] AFI generado: por → /poɾ/
2026-04-27 19:31:15 [INFO] AFI generado: sí → /sí/
2026-04-27 19:31:15 [INFO] AFI generado: hay → /aʝ/
2026-04-27 19:31:15 [INFO] AFI generado: pelo → /pelo/
2026-04-27 19:31:15 [INFO] AFI generado: y → /ʝ/
2026-04-27 19:31:15 [INFO] AFI generado: por → /poɾ/
2026-04-27 19:31:15 [INFO] AFI generado: sí → /sí/
2026-04-27 19:31:15 [INFO] AFI generado: me → /me/
2026-04-27 19:31:15 [INFO] AFI generado: bebería → /bebeɾía/
2026-04-27 19:31:15 [INFO] AFI generado: la → /la/
2026-04-27 19:31:15 [INFO] AFI generado: beja → /beksa/
2026-04-27 19:31:15 [INFO] AFI generado: y → /ʝ/
2026-04-27 19:31:15 [INFO] AFI generado: también... → /también.../
2026-04-27 19:31:15 [INFO] AFI generado: acercó → /aθeɾcó/
2026-04-27 19:31:15 [INFO] AFI generado: atuto → /atuto/
2026-04-27 19:31:15 [INFO] AFI generado: hubo. → /ubo./
2026-04-27 19:31:15 [INFO] AFI generado: y → /ʝ/
2026-04-27 19:31:15 [INFO] AFI generado: esto → /esto/
2026-04-27 19:31:15 [INFO] AFI generado: no → /no/
2026-04-27 19:31:15 [INFO] AFI generado: es → /es/
2026-04-27 19:31:15 [INFO] AFI generado: una → /una/
2026-04-27 19:31:15 [INFO] AFI generado: loca → /loca/
2026-04-27 19:31:15 [INFO] AFI generado: y... → /ʝ.../
2026-04-27 19:31:15 [INFO] AFI generado: llegaba → /ʎegaba/
2026-04-27 19:31:15 [INFO] AFI generado: a → /a/
2026-04-27 19:31:15 [INFO] AFI generado: quedarlo → /kedaɾlo/
2026-04-27 19:31:15 [INFO] AFI generado: a → /a/
2026-04-27 19:31:15 [INFO] AFI generado: la → /la/
2026-04-27 19:31:15 [INFO] AFI generado: rama → /ɾama/
2026-04-27 19:31:15 [INFO] AFI generado: pero... → /peɾo.../
2026-04-27 19:31:15 [INFO] AFI generado: no → /no/
2026-04-27 19:31:15 [INFO] AFI generado: hubo → /ubo/
2026-04-27 19:31:15 [INFO] AFI generado: nada → /nada/
2026-04-27 19:31:15 [INFO] AFI generado: más → /más/
2026-04-27 19:31:15 [INFO] AFI generado: verdad, → /beɾdad,/
2026-04-27 19:31:15 [INFO] AFI generado: era → /eɾa/
2026-04-27 19:31:15 [INFO] AFI generado: un → /un/
2026-04-27 19:31:15 [INFO] AFI generado: viejo → /biekso/
2026-04-27 19:31:15 [INFO] AFI generado: y → /ʝ/
2026-04-27 19:31:15 [INFO] AFI generado: coro, → /coɾo,/
2026-04-27 19:31:15 [INFO] AFI generado: coro, → /coɾo,/
2026-04-27 19:31:15 [INFO] AFI generado: coro... → /coɾo.../
2026-04-27 19:31:15 [INFO] AFI generado: y → /ʝ/
2026-04-27 19:31:15 [INFO] AFI generado: atataba → /atataba/
2026-04-27 19:31:15 [INFO] AFI generado: a → /a/
2026-04-27 19:31:15 [INFO] AFI generado: una → /una/
2026-04-27 19:31:15 [INFO] AFI generado: cátila → /cátila/
2026-04-27 19:31:15 [INFO] AFI generado: y → /ʝ/
2026-04-27 19:31:15 [INFO] AFI generado: acá → /acá/
2026-04-27 19:31:15 [INFO] AFI generado: yo → /ʝo/
2026-04-27 19:31:15 [INFO] AFI generado: pero → /peɾo/
2026-04-27 19:31:15 [INFO] AFI generado: había → /abía/
2026-04-27 19:31:15 [INFO] AFI generado: agua. → /agua./
2026-04-27 19:31:15 [INFO] AFI generado: y → /ʝ/
2026-04-27 19:31:15 [INFO] AFI generado: en → /en/
2026-04-27 19:31:15 [INFO] AFI generado: esta... → /esta.../
2026-04-27 19:31:15 [INFO] AFI generado: en → /en/
2026-04-27 19:31:15 [INFO] AFI generado: esta → /esta/
2026-04-27 19:31:15 [INFO] AFI generado: había → /abía/
2026-04-27 19:31:15 [INFO] AFI generado: una → /una/
2026-04-27 19:31:15 [INFO] AFI generado: tararaña → /taɾaɾaña/
2026-04-27 19:31:15 [INFO] AFI generado: que... → /ke.../
2026-04-27 19:31:15 [INFO] AFI generado: pero → /peɾo/
2026-04-27 19:31:15 [INFO] AFI generado: vos → /bos/
2026-04-27 19:31:15 [INFO] AFI generado: quedaba → /kedaba/
2026-04-27 19:31:15 [INFO] AFI generado: agua, → /agua,/
2026-04-27 19:31:15 [INFO] AFI generado: agua → /agua/
2026-04-27 19:31:15 [INFO] AFI generado: le... → /le.../
2026-04-27 19:31:15 [INFO] AFI generado: pero → /peɾo/
2026-04-27 19:31:15 [INFO] AFI generado: mira... → /miɾa.../
2026-04-27 19:31:15 [INFO] AFI generado: espera, → /espeɾa,/
2026-04-27 19:31:15 [INFO] AFI generado: espera... → /espeɾa.../
2026-04-27 19:31:15 [INFO] AFI generado: no, → /no,/
2026-04-27 19:31:15 [INFO] AFI generado: acercó → /aθeɾcó/
2026-04-27 19:31:15 [INFO] AFI generado: toca. → /toca./
2026-04-27 19:31:15 [INFO] AFI generado: y → /ʝ/
2026-04-27 19:31:15 [INFO] AFI generado: mira, → /miɾa,/
2026-04-27 19:31:15 [INFO] AFI generado: chish, → /tʃis,/
2026-04-27 19:31:15 [INFO] AFI generado: chish, → /tʃis,/
2026-04-27 19:31:15 [INFO] AFI generado: la → /la/
2026-04-27 19:31:15 [INFO] AFI generado: javiro. → /ksabiɾo./
2026-04-27 19:31:15 [INFO] AFI generado: y → /ʝ/
2026-04-27 19:31:15 [INFO] AFI generado: lo → /lo/
2026-04-27 19:31:15 [INFO] AFI generado: por → /poɾ/
2026-04-27 19:31:15 [INFO] AFI generado: ahí → /aí/
2026-04-27 19:31:15 [INFO] AFI generado: y → /ʝ/
2026-04-27 19:31:15 [INFO] AFI generado: velo. → /belo./
2026-04-27 19:31:15 [INFO] AFI generado: esto → /esto/
2026-04-27 19:31:15 [INFO] AFI generado: es → /es/
2026-04-27 19:31:15 [INFO] AFI generado: toda → /toda/
2026-04-27 19:31:15 [INFO] AFI generado: la → /la/
2026-04-27 19:31:15 [INFO] AFI generado: rana → /ɾana/
2026-04-27 19:31:15 [INFO] AFI generado: pero → /peɾo/
2026-04-27 19:31:15 [INFO] AFI generado: no → /no/
2026-04-27 19:31:15 [INFO] AFI generado: estaba → /estaba/
2026-04-27 19:31:15 [INFO] AFI generado: lola → /lola/
2026-04-27 19:31:15 [INFO] AFI generado: lolo → /lolo/
2026-04-27 19:31:15 [INFO] AFI generado: o → /o/
2026-04-27 19:31:15 [INFO] AFI generado: una → /una/
2026-04-27 19:31:15 [INFO] AFI generado: mamá → /mamá/
2026-04-27 19:31:15 [INFO] AFI generado: rana. → /ɾana./
2026-04-27 19:31:15 [INFO] AFI generado: tenía → /tenía/
2026-04-27 19:31:15 [INFO] AFI generado: bebé → /bebé/
2026-04-27 19:31:15 [INFO] AFI generado: y → /ʝ/
2026-04-27 19:31:15 [INFO] AFI generado: una → /una/
2026-04-27 19:31:15 [INFO] AFI generado: atato → /atato/
2026-04-27 19:31:15 [INFO] AFI generado: a → /a/
2026-04-27 19:31:15 [INFO] AFI generado: poella. → /poeʎa./
2026-04-27 19:31:15 [INFO] AFI generado: y → /ʝ/
2026-04-27 19:31:15 [INFO] AFI generado: ya... → /ʝa.../
2026-04-27 19:31:15 [INFO] AFI generado: y → /ʝ/
2026-04-27 19:31:15 [INFO] AFI generado: llegó → /ʎegó/
2026-04-27 19:31:15 [INFO] AFI generado: a → /a/
2026-04-27 19:31:15 [INFO] AFI generado: ella → /eʎa/
2026-04-27 19:31:15 [INFO] AFI generado: y → /ʝ/
2026-04-27 19:31:15 [INFO] AFI generado: ya... → /ʝa.../
2026-04-27 19:31:15 [INFO] AFI generado: pero → /peɾo/
2026-04-27 19:31:15 [INFO] AFI generado: a → /a/
2026-04-27 19:31:15 [INFO] AFI generado: atata → /atata/
2026-04-27 19:31:15 [INFO] AFI generado: a → /a/
2026-04-27 19:31:15 [INFO] AFI generado: pómelas → /pómelas/
2026-04-27 19:31:15 [INFO] AFI generado: en → /en/
2026-04-27 19:31:15 [INFO] AFI generado: el → /el/
2026-04-27 19:31:15 [INFO] AFI generado: autobot → /autobot/
2026-04-27 19:31:15 [INFO] AFI generado: y → /ʝ/
2026-04-27 19:31:15 [INFO] AFI generado: viví → /bibí/
2026-04-27 19:31:16 [INFO] AFI generado: un → /un/
2026-04-27 19:31:16 [INFO] AFI generado: colorado → /coloɾado/
2026-04-27 19:31:16 [INFO] AFI generado: a → /a/
2026-04-27 19:31:16 [INFO] AFI generado: este → /este/
2026-04-27 19:31:16 [INFO] AFI generado: puerto → /pueɾto/
2026-04-27 19:31:16 [INFO] AFI generado: y → /ʝ/
2026-04-27 19:31:16 [INFO] AFI generado: acabaron. → /acabaɾon./
